================================= 16_byte_file =================================
================================= 20_byte_file =================================
================================== empty_file ==================================
