Verify Merkle tree hashes

Usage: merkle_tree_checksum verify-hash [OPTIONS] <FILE>

Arguments:
  <FILE>
          File containing the hashes to check

Options:
      --fail-fast
          Skip checking the rest of the files when a hash mismatch is detected.

  -h, --help
          Print help (see a summary with '-h')
