Computes a Merkle Tree hash over the given files

Usage: merkle_tree_checksum [OPTIONS] <COMMAND>

Commands:
  generate-hash  Generates Merkle tree hashes
  verify-hash    Verify Merkle tree hashes
  help           Print this message or the help of the given subcommand(s)

Options:
  -q, --quiet...     Print less text
  -j, --jobs <jobs>  Specify size of thread pool for hashing (set to 0 to disable) [default: 4]
  -h, --help         Print help (see more with '--help')
  -V, --version      Print version

Supported hash functions are the SHA2 family, the SHA3 family, Blake2b/Blake2s, Blake3, and CRC32.
