================================= 16_byte_file =================================
Info: 16_byte_file hash matches
================================= 20_byte_file =================================
Info: 20_byte_file hash matches
================================== empty_file ==================================
Info: empty_file hash matches
